Proof summary for theory inf_prime_topology

	union_open_is_open..............................................✅ proved              (4.543 s)
	any_union_open_is_open..........................................✅ proved              (2.816 s)
	inter_open_is_open..............................................✅ proved              (4.008 s)
	fin_inter_open_is_open..........................................✅ proved              (6.593 s)
	int_is_open.....................................................✅ proved              (1.386 s)
	N_Z_topology....................................................✅ proved              (2.886 s)
	Nab_is_infinite.................................................✅ proved              (2.984 s)
	Nab_charac......................................................✅ proved              (4.038 s)
	open_is_infinite................................................✅ proved              (2.422 s)
	Nab_open........................................................✅ proved              (2.196 s)
	Nab_closed......................................................✅ proved              (2.428 s)
	one_prime_decomposition.........................................✅ proved              (3.028 s)
	Union_Nprime....................................................✅ proved              (3.975 s)
	set_one_mone_is_finite..........................................✅ proved              (1.994 s)
	prime_Nprime_bij................................................✅ proved              (3.168 s)
	fin_prime_closed_Np.............................................✅ proved              (5.557 s)
	prime_set_is_infinite...........................................✅ proved              (2.245 s)
	IMP_topology_TCC1...............................................❗ unfinished          (1.602 s)
	N_prime_TCC1....................................................✅ proved              (1.043 s)

Theory inf_prime_topology totals: 19 formulas, 19 attempted, 18 succeeded (58.912 s)