Proof summary for theory inf_prime_topology

	union_open_is_open..............................................✅ proved              (2.85 s)
	any_union_open_is_open..........................................✅ proved              (1.546 s)
	inter_open_is_open..............................................✅ proved              (3.266 s)
	fin_inter_open_is_open..........................................✅ proved              (6.266 s)
	int_is_open.....................................................✅ proved              (0.911 s)
	N_Z_topology....................................................✅ proved              (1.81 s)
	Nab_is_infinite.................................................✅ proved              (1.915 s)
	Nab_charac......................................................✅ proved              (3.434 s)
	open_is_infinite................................................✅ proved              (1.295 s)
	Nab_open........................................................✅ proved              (1.619 s)
	Nab_closed......................................................✅ proved              (1.646 s)
	one_prime_decomposition.........................................✅ proved              (2.373 s)
	one_prime_decomposition_ind.....................................✅ proved              (2.082 s)
	one_prime_decomposition_int.....................................✅ proved              (1.434 s)
	Union_Nprime....................................................✅ proved              (2.717 s)
	set_one_mone_is_finite..........................................✅ proved              (1.14 s)
	prime_Nprime_bij................................................✅ proved              (3.301 s)
	fin_prime_closed_Np.............................................✅ proved              (3.35 s)
	prime_set_is_infinite...........................................✅ proved              (1.338 s)
	IMP_topology_TCC1...............................................✅ proved              (0.705 s)
	N_prime_TCC1....................................................✅ proved              (0.675 s)

Theory inf_prime_topology totals: 21 formulas, 21 attempted, 21 succeeded (45.673 s)